--------------------------------------------------------------------------------
Release 13.2 Trace  (lin64)
Copyright (c) 1995-2011 Xilinx, Inc.  All rights reserved.

/afs/inf.ed.ac.uk/group/teaching/cd/Xilinx132/ISE_DS/ISE/bin/lin64/unwrapped/trce
-intstyle ise -v 3 -s 5 -n 3 -fastpaths -xml MouseTransceiver.twx
MouseTransceiver.ncd -o MouseTransceiver.twr MouseTransceiver.pcf -ucf
MouseTransceiver.ucf

Design file:              MouseTransceiver.ncd
Physical constraint file: MouseTransceiver.pcf
Device,package,speed:     xc3s100e,cp132,-5 (PRODUCTION 1.27 2011-06-20)
Report level:             verbose report

Environment Variable      Effect 
--------------------      ------ 
NONE                      No environment variables were set
--------------------------------------------------------------------------------

INFO:Timing:2698 - No timing constraints found, doing default enumeration.
INFO:Timing:2752 - To get complete path coverage, use the unconstrained paths 
   option. All paths that are not constrained will be reported in the 
   unconstrained paths section(s) of the report.
INFO:Timing:3339 - The clock-to-out numbers in this timing report are based on 
   a 50 Ohm transmission line loading model.  For the details of this model, 
   and for more information on accounting for different loading conditions, 
   please see the device datasheet.
INFO:Timing:3390 - This architecture does not support a default System Jitter 
   value, please add SYSTEM_JITTER constraint to the UCF to modify the Clock 
   Uncertainty calculation.
INFO:Timing:3389 - This architecture does not support 'Discrete Jitter' and 
   'Phase Error' calculations, these terms will be zero in the Clock 
   Uncertainty calculation.  Please make appropriate modification to 
   SYSTEM_JITTER to account for the unsupported Discrete Jitter and Phase 
   Error.



Data Sheet report:
-----------------
All values displayed in nanoseconds (ns)

Setup/Hold to clock CLK
------------+------------+------------+------------------+--------+
            |Max Setup to|Max Hold to |                  | Clock  |
Source      | clk (edge) | clk (edge) |Internal Clock(s) | Phase  |
------------+------------+------------+------------------+--------+
CLK_MOUSE   |    0.233(R)|    0.910(R)|CLK_BUFGP         |   0.000|
DATA_MOUSE  |    2.514(R)|    0.510(R)|CLK_BUFGP         |   0.000|
RESET       |    1.604(R)|    1.187(R)|CLK_BUFGP         |   0.000|
------------+------------+------------+------------------+--------+

Clock CLK to Pad
--------------+------------+------------------+--------+
              | clk (edge) |                  | Clock  |
Destination   |   to PAD   |Internal Clock(s) | Phase  |
--------------+------------+------------------+--------+
AN0           |    9.754(R)|CLK_BUFGP         |   0.000|
AN1           |    8.224(R)|CLK_BUFGP         |   0.000|
AN2           |    9.077(R)|CLK_BUFGP         |   0.000|
AN3           |    8.595(R)|CLK_BUFGP         |   0.000|
CA            |    9.480(R)|CLK_BUFGP         |   0.000|
CB            |    9.265(R)|CLK_BUFGP         |   0.000|
CC            |    9.163(R)|CLK_BUFGP         |   0.000|
CD            |    9.178(R)|CLK_BUFGP         |   0.000|
CE            |    9.229(R)|CLK_BUFGP         |   0.000|
CF            |    9.514(R)|CLK_BUFGP         |   0.000|
CG            |    9.380(R)|CLK_BUFGP         |   0.000|
CLK_MOUSE     |   10.063(R)|CLK_BUFGP         |   0.000|
DATA_MOUSE    |   10.624(R)|CLK_BUFGP         |   0.000|
MouseStatus<0>|    7.372(R)|CLK_BUFGP         |   0.000|
MouseStatus<1>|    7.808(R)|CLK_BUFGP         |   0.000|
MouseStatus<2>|    7.607(R)|CLK_BUFGP         |   0.000|
MouseStatus<3>|    6.869(R)|CLK_BUFGP         |   0.000|
MouseX<0>     |    7.448(R)|CLK_BUFGP         |   0.000|
MouseX<1>     |    7.550(R)|CLK_BUFGP         |   0.000|
MouseX<2>     |    7.270(R)|CLK_BUFGP         |   0.000|
MouseX<3>     |    7.384(R)|CLK_BUFGP         |   0.000|
MouseX<4>     |    7.540(R)|CLK_BUFGP         |   0.000|
MouseX<5>     |    7.445(R)|CLK_BUFGP         |   0.000|
MouseX<6>     |    7.878(R)|CLK_BUFGP         |   0.000|
MouseX<7>     |    7.418(R)|CLK_BUFGP         |   0.000|
MouseY<0>     |    7.853(R)|CLK_BUFGP         |   0.000|
MouseY<1>     |    7.663(R)|CLK_BUFGP         |   0.000|
MouseY<2>     |    7.926(R)|CLK_BUFGP         |   0.000|
MouseY<3>     |    7.584(R)|CLK_BUFGP         |   0.000|
MouseY<4>     |    7.650(R)|CLK_BUFGP         |   0.000|
MouseY<5>     |    7.189(R)|CLK_BUFGP         |   0.000|
MouseY<6>     |    7.541(R)|CLK_BUFGP         |   0.000|
MouseY<7>     |    7.436(R)|CLK_BUFGP         |   0.000|
MouseZ<0>     |    7.196(R)|CLK_BUFGP         |   0.000|
MouseZ<1>     |    6.949(R)|CLK_BUFGP         |   0.000|
MouseZ<2>     |    7.207(R)|CLK_BUFGP         |   0.000|
MouseZ<3>     |    6.964(R)|CLK_BUFGP         |   0.000|
MouseZ<4>     |    7.009(R)|CLK_BUFGP         |   0.000|
MouseZ<5>     |    7.399(R)|CLK_BUFGP         |   0.000|
MouseZ<6>     |    7.138(R)|CLK_BUFGP         |   0.000|
MouseZ<7>     |    7.194(R)|CLK_BUFGP         |   0.000|
--------------+------------+------------------+--------+

Clock to Setup on destination clock CLK
---------------+---------+---------+---------+---------+
               | Src:Rise| Src:Fall| Src:Rise| Src:Fall|
Source Clock   |Dest:Rise|Dest:Rise|Dest:Fall|Dest:Fall|
---------------+---------+---------+---------+---------+
CLK            |    6.795|         |         |         |
---------------+---------+---------+---------+---------+


Analysis completed Thu Mar 27 17:12:55 2014 
--------------------------------------------------------------------------------

Trace Settings:
-------------------------
Trace Settings 

Peak Memory Usage: 256 MB



