MO MouseReceiver NULL MouseReceiver.v vlg62/_mouse_receiver.bin 1395940342
MO MouseMasterSM NULL MouseMasterSM.v vlg75/_mouse_master_s_m.bin 1395940342
MO MouseTransmitter NULL MouseTransmitter.v vlg3A/_mouse_transmitter.bin 1395940342
MO MouseTransceiver NULL MouseTransceiver.v vlg37/_mouse_transceiver.bin 1395940342
MO SevenSegmentDisplay NULL SevenSegmentDisplay.v vlg66/_seven_segment_display.bin 1395940342
